// Jest Snapshot v1, https://goo.gl/fbAQLP

exports[`Radio suite render a radio 1`] = `
<Radio
  checked={false}
  disabled={false}
  onChange={[Function]}
  onItemClick={[Function]}
  prefixCls="pile"
  size={null}
  value=""
  vertical={false}
/>
`;
