// Jest Snapshot v1, https://goo.gl/fbAQLP

exports[`test toast component snapshot toast ui 1`] = `
<div
  className="pile-toast"
>
  <Icon
    prefixCls="pile"
    size="large"
    type="check-circle"
  />
  <div
    className="pile-toast-content"
  >
    hi,you
  </div>
</div>
`;
