// Jest Snapshot v1, https://goo.gl/fbAQLP

exports[`Validator suite render a validator 1`] = `
<Fragment>
  <ErrorMessage
    show={false}
  />
</Fragment>
`;
